// Vitest Snapshot v1, https://vitest.dev/guide/snapshot.html

exports[`presetStarter 1`] = `
[
  "outline-size-none",
  "outline-color-red-1",
  "outline-blue-2",
  "border-size-none",
  "border-red2",
  "color-blue-gray",
  "color-blue-gray-400",
  "color-bluegray",
  "color-bluegray-400",
  "color-blue-gray-400/10",
  "color-blue-gray/10",
  "color-bluegray-400/10",
  "color-bluegray/10",
  "text-red2",
  "ring-red2",
  "ring-red2/5",
  "ring-width-px",
  "ring-size-px",
  "ring-offset-red2",
  "ring-offset-red2/5",
  "decoration-size-none",
  "decoration-offset-none",
  "basis-none",
  "gap-none",
  "inset-none",
  "ring-none",
  "ring-offset-none",
  "ring-offset-green5",
  "p-none",
  "m-none",
  "p-ie-none",
  "m-inline-none",
  "pb",
  "px",
  "p-x",
  "pxy",
  "p-xy",
  "pis",
  "p-is",
  "m-block",
  "mbs",
  "mxy",
  "m-xy",
  "stroke-size-none",
  "stroke-offset-none",
  "preserve-3d",
  "preserve-flat",
  "indent",
  "indent-lg",
  "media-mouse:block",
  "group-hover:media-mouse:bg-red",
  "placeholder-color-red-1",
  "hover:not-first:checked:bg-true-gray/10",
  "hover:is-first:checked:bg-true-gray/10",
]
`;
